Archive member included to satisfy reference by file (symbol)

d:/stm32cubeide/stm32cubeide_1.6.1/stm32cubeide/plugins/com.st.stm32cube.ide.mcu.externaltools.gnu-tools-for-stm32.9-2020-q2-update.win32_1.5.0.202011040924/tools/bin/../lib/gcc/arm-none-eabi/9.3.1/../../../../arm-none-eabi/lib/thumb/v7-m/nofp\libc_nano.a(lib_a-errno.o)
                              Core/Src/syscalls.o (__errno)
d:/stm32cubeide/stm32cubeide_1.6.1/stm32cubeide/plugins/com.st.stm32cube.ide.mcu.externaltools.gnu-tools-for-stm32.9-2020-q2-update.win32_1.5.0.202011040924/tools/bin/../lib/gcc/arm-none-eabi/9.3.1/../../../../arm-none-eabi/lib/thumb/v7-m/nofp\libc_nano.a(lib_a-exit.o)
                              d:/stm32cubeide/stm32cubeide_1.6.1/stm32cubeide/plugins/com.st.stm32cube.ide.mcu.externaltools.gnu-tools-for-stm32.9-2020-q2-update.win32_1.5.0.202011040924/tools/bin/../lib/gcc/arm-none-eabi/9.3.1/../../../../arm-none-eabi/lib/thumb/v7-m/nofp/crt0.o (exit)
d:/stm32cubeide/stm32cubeide_1.6.1/stm32cubeide/plugins/com.st.stm32cube.ide.mcu.externaltools.gnu-tools-for-stm32.9-2020-q2-update.win32_1.5.0.202011040924/tools/bin/../lib/gcc/arm-none-eabi/9.3.1/../../../../arm-none-eabi/lib/thumb/v7-m/nofp\libc_nano.a(lib_a-impure.o)
                              d:/stm32cubeide/stm32cubeide_1.6.1/stm32cubeide/plugins/com.st.stm32cube.ide.mcu.externaltools.gnu-tools-for-stm32.9-2020-q2-update.win32_1.5.0.202011040924/tools/bin/../lib/gcc/arm-none-eabi/9.3.1/../../../../arm-none-eabi/lib/thumb/v7-m/nofp\libc_nano.a(lib_a-exit.o) (_global_impure_ptr)
d:/stm32cubeide/stm32cubeide_1.6.1/stm32cubeide/plugins/com.st.stm32cube.ide.mcu.externaltools.gnu-tools-for-stm32.9-2020-q2-update.win32_1.5.0.202011040924/tools/bin/../lib/gcc/arm-none-eabi/9.3.1/../../../../arm-none-eabi/lib/thumb/v7-m/nofp\libc_nano.a(lib_a-init.o)
                              d:/stm32cubeide/stm32cubeide_1.6.1/stm32cubeide/plugins/com.st.stm32cube.ide.mcu.externaltools.gnu-tools-for-stm32.9-2020-q2-update.win32_1.5.0.202011040924/tools/bin/../lib/gcc/arm-none-eabi/9.3.1/../../../../arm-none-eabi/lib/thumb/v7-m/nofp/crt0.o (__libc_init_array)
d:/stm32cubeide/stm32cubeide_1.6.1/stm32cubeide/plugins/com.st.stm32cube.ide.mcu.externaltools.gnu-tools-for-stm32.9-2020-q2-update.win32_1.5.0.202011040924/tools/bin/../lib/gcc/arm-none-eabi/9.3.1/../../../../arm-none-eabi/lib/thumb/v7-m/nofp\libc_nano.a(lib_a-memset.o)
                              d:/stm32cubeide/stm32cubeide_1.6.1/stm32cubeide/plugins/com.st.stm32cube.ide.mcu.externaltools.gnu-tools-for-stm32.9-2020-q2-update.win32_1.5.0.202011040924/tools/bin/../lib/gcc/arm-none-eabi/9.3.1/../../../../arm-none-eabi/lib/thumb/v7-m/nofp/crt0.o (memset)

Allocating common symbols
Common symbol       size              file

uwTick              0x4               Drivers/STM32F1xx_HAL_Driver/Src/stm32f1xx_hal.o
pFlash              0x20              Drivers/STM32F1xx_HAL_Driver/Src/stm32f1xx_hal_flash.o
lap_array           0x3c              Core/Src/main.o
hrtc                0x14              Core/Src/main.o
my_tft              0x2c              Core/Src/main.o
hspi1               0x58              Core/Src/main.o
htim2               0x48              Core/Src/main.o

Discarded input sections

 .text          0x0000000000000000        0x0 d:/stm32cubeide/stm32cubeide_1.6.1/stm32cubeide/plugins/com.st.stm32cube.ide.mcu.externaltools.gnu-tools-for-stm32.9-2020-q2-update.win32_1.5.0.202011040924/tools/bin/../lib/gcc/arm-none-eabi/9.3.1/thumb/v7-m/nofp/crti.o
 .data          0x0000000000000000        0x0 d:/stm32cubeide/stm32cubeide_1.6.1/stm32cubeide/plugins/com.st.stm32cube.ide.mcu.externaltools.gnu-tools-for-stm32.9-2020-q2-update.win32_1.5.0.202011040924/tools/bin/../lib/gcc/arm-none-eabi/9.3.1/thumb/v7-m/nofp/crti.o
 .bss           0x0000000000000000        0x0 d:/stm32cubeide/stm32cubeide_1.6.1/stm32cubeide/plugins/com.st.stm32cube.ide.mcu.externaltools.gnu-tools-for-stm32.9-2020-q2-update.win32_1.5.0.202011040924/tools/bin/../lib/gcc/arm-none-eabi/9.3.1/thumb/v7-m/nofp/crti.o
 .data          0x0000000000000000        0x4 d:/stm32cubeide/stm32cubeide_1.6.1/stm32cubeide/plugins/com.st.stm32cube.ide.mcu.externaltools.gnu-tools-for-stm32.9-2020-q2-update.win32_1.5.0.202011040924/tools/bin/../lib/gcc/arm-none-eabi/9.3.1/thumb/v7-m/nofp/crtbegin.o
 .text          0x0000000000000000       0x7c d:/stm32cubeide/stm32cubeide_1.6.1/stm32cubeide/plugins/com.st.stm32cube.ide.mcu.externaltools.gnu-tools-for-stm32.9-2020-q2-update.win32_1.5.0.202011040924/tools/bin/../lib/gcc/arm-none-eabi/9.3.1/../../../../arm-none-eabi/lib/thumb/v7-m/nofp/crt0.o
 .data          0x0000000000000000        0x0 d:/stm32cubeide/stm32cubeide_1.6.1/stm32cubeide/plugins/com.st.stm32cube.ide.mcu.externaltools.gnu-tools-for-stm32.9-2020-q2-update.win32_1.5.0.202011040924/tools/bin/../lib/gcc/arm-none-eabi/9.3.1/../../../../arm-none-eabi/lib/thumb/v7-m/nofp/crt0.o
[...]
Memory Configuration

Name             Origin             Length             Attributes
RAM              0x0000000020000000 0x0000000000005000 xrw
FLASH            0x0000000008000000 0x0000000000010000 xr
*default*        0x0000000000000000 0xffffffffffffffff

Linker script and memory map

LOAD d:/stm32cubeide/stm32cubeide_1.6.1/stm32cubeide/plugins/com.st.stm32cube.ide.mcu.externaltools.gnu-tools-for-stm32.9-2020-q2-update.win32_1.5.0.202011040924/tools/bin/../lib/gcc/arm-none-eabi/9.3.1/thumb/v7-m/nofp/crti.o
LOAD d:/stm32cubeide/stm32cubeide_1.6.1/stm32cubeide/plugins/com.st.stm32cube.ide.mcu.externaltools.gnu-tools-for-stm32.9-2020-q2-update.win32_1.5.0.202011040924/tools/bin/../lib/gcc/arm-none-eabi/9.3.1/thumb/v7-m/nofp/crtbegin.o
LOAD d:/stm32cubeide/stm32cubeide_1.6.1/stm32cubeide/plugins/com.st.stm32cube.ide.mcu.externaltools.gnu-tools-for-stm32.9-2020-q2-update.win32_1.5.0.202011040924/tools/bin/../lib/gcc/arm-none-eabi/9.3.1/../../../../arm-none-eabi/lib/thumb/v7-m/nofp/crt0.o
LOAD Core/Src/gc9a01a.o
LOAD Core/Src/main.o
LOAD Core/Src/stm32f1xx_hal_msp.o
LOAD Core/Src/stm32f1xx_it.o
LOAD Core/Src/syscalls.o
LOAD Core/Src/sysmem.o
LOAD Core/Src/system_stm32f1xx.o
LOAD Core/Startup/startup_stm32f103c8tx.o
LOAD Drivers/STM32F1xx_HAL_Driver/Src/stm32f1xx_hal.o
LOAD Drivers/STM32F1xx_HAL_Driver/Src/stm32f1xx_hal_cortex.o
LOAD Drivers/STM32F1xx_HAL_Driver/Src/stm32f1xx_hal_dma.o
LOAD Drivers/STM32F1xx_HAL_Driver/Src/stm32f1xx_hal_exti.o
LOAD Drivers/STM32F1xx_HAL_Driver/Src/stm32f1xx_hal_flash.o
LOAD Drivers/STM32F1xx_HAL_Driver/Src/stm32f1xx_hal_flash_ex.o
LOAD Drivers/STM32F1xx_HAL_Driver/Src/stm32f1xx_hal_gpio.o
LOAD Drivers/STM32F1xx_HAL_Driver/Src/stm32f1xx_hal_gpio_ex.o
LOAD Drivers/STM32F1xx_HAL_Driver/Src/stm32f1xx_hal_pwr.o
LOAD Drivers/STM32F1xx_HAL_Driver/Src/stm32f1xx_hal_rcc.o
LOAD Drivers/STM32F1xx_HAL_Driver/Src/stm32f1xx_hal_rcc_ex.o
LOAD Drivers/STM32F1xx_HAL_Driver/Src/stm32f1xx_hal_rtc.o
LOAD Drivers/STM32F1xx_HAL_Driver/Src/stm32f1xx_hal_rtc_ex.o
LOAD Drivers/STM32F1xx_HAL_Driver/Src/stm32f1xx_hal_spi.o
LOAD Drivers/STM32F1xx_HAL_Driver/Src/stm32f1xx_hal_tim.o
LOAD Drivers/STM32F1xx_HAL_Driver/Src/stm32f1xx_hal_tim_ex.o
START GROUP
LOAD d:/stm32cubeide/stm32cubeide_1.6.1/stm32cubeide/plugins/com.st.stm32cube.ide.mcu.externaltools.gnu-tools-for-stm32.9-2020-q2-update.win32_1.5.0.202011040924/tools/bin/../lib/gcc/arm-none-eabi/9.3.1/../../../../arm-none-eabi/lib/thumb/v7-m/nofp\libc_nano.a
LOAD d:/stm32cubeide/stm32cubeide_1.6.1/stm32cubeide/plugins/com.st.stm32cube.ide.mcu.externaltools.gnu-tools-for-stm32.9-2020-q2-update.win32_1.5.0.202011040924/tools/bin/../lib/gcc/arm-none-eabi/9.3.1/../../../../arm-none-eabi/lib/thumb/v7-m/nofp\libm.a
END GROUP
START GROUP
LOAD d:/stm32cubeide/stm32cubeide_1.6.1/stm32cubeide/plugins/com.st.stm32cube.ide.mcu.externaltools.gnu-tools-for-stm32.9-2020-q2-update.win32_1.5.0.202011040924/tools/bin/../lib/gcc/arm-none-eabi/9.3.1/thumb/v7-m/nofp\libgcc.a
LOAD d:/stm32cubeide/stm32cubeide_1.6.1/stm32cubeide/plugins/com.st.stm32cube.ide.mcu.externaltools.gnu-tools-for-stm32.9-2020-q2-update.win32_1.5.0.202011040924/tools/bin/../lib/gcc/arm-none-eabi/9.3.1/../../../../arm-none-eabi/lib/thumb/v7-m/nofp\libc_nano.a
END GROUP
START GROUP
LOAD d:/stm32cubeide/stm32cubeide_1.6.1/stm32cubeide/plugins/com.st.stm32cube.ide.mcu.externaltools.gnu-tools-for-stm32.9-2020-q2-update.win32_1.5.0.202011040924/tools/bin/../lib/gcc/arm-none-eabi/9.3.1/thumb/v7-m/nofp\libgcc.a
LOAD d:/stm32cubeide/stm32cubeide_1.6.1/stm32cubeide/plugins/com.st.stm32cube.ide.mcu.externaltools.gnu-tools-for-stm32.9-2020-q2-update.win32_1.5.0.202011040924/tools/bin/../lib/gcc/arm-none-eabi/9.3.1/../../../../arm-none-eabi/lib/thumb/v7-m/nofp\libc_nano.a
LOAD d:/stm32cubeide/stm32cubeide_1.6.1/stm32cubeide/plugins/com.st.stm32cube.ide.mcu.externaltools.gnu-tools-for-stm32.9-2020-q2-update.win32_1.5.0.202011040924/tools/bin/../lib/gcc/arm-none-eabi/9.3.1/../../../../arm-none-eabi/lib/thumb/v7-m/nofp\libnosys.a
END GROUP
START GROUP
LOAD d:/stm32cubeide/stm32cubeide_1.6.1/stm32cubeide/plugins/com.st.stm32cube.ide.mcu.externaltools.gnu-tools-for-stm32.9-2020-q2-update.win32_1.5.0.202011040924/tools/bin/../lib/gcc/arm-none-eabi/9.3.1/thumb/v7-m/nofp\libgcc.a
LOAD d:/stm32cubeide/stm32cubeide_1.6.1/stm32cubeide/plugins/com.st.stm32cube.ide.mcu.externaltools.gnu-tools-for-stm32.9-2020-q2-update.win32_1.5.0.202011040924/tools/bin/../lib/gcc/arm-none-eabi/9.3.1/../../../../arm-none-eabi/lib/thumb/v7-m/nofp\libc_nano.a
LOAD d:/stm32cubeide/stm32cubeide_1.6.1/stm32cubeide/plugins/com.st.stm32cube.ide.mcu.externaltools.gnu-tools-for-stm32.9-2020-q2-update.win32_1.5.0.202011040924/tools/bin/../lib/gcc/arm-none-eabi/9.3.1/../../../../arm-none-eabi/lib/thumb/v7-m/nofp\libnosys.a
END GROUP
LOAD d:/stm32cubeide/stm32cubeide_1.6.1/stm32cubeide/plugins/com.st.stm32cube.ide.mcu.externaltools.gnu-tools-for-stm32.9-2020-q2-update.win32_1.5.0.202011040924/tools/bin/../lib/gcc/arm-none-eabi/9.3.1/thumb/v7-m/nofp/crtend.o
LOAD d:/stm32cubeide/stm32cubeide_1.6.1/stm32cubeide/plugins/com.st.stm32cube.ide.mcu.externaltools.gnu-tools-for-stm32.9-2020-q2-update.win32_1.5.0.202011040924/tools/bin/../lib/gcc/arm-none-eabi/9.3.1/thumb/v7-m/nofp/crtn.o
                0x0000000020005000                _estack = (ORIGIN (RAM) + LENGTH (RAM))
                0x0000000000000200                _Min_Heap_Size = 0x200
                0x0000000000000400                _Min_Stack_Size = 0x400

.isr_vector     0x0000000008000000      0x10c
                0x0000000008000000                . = ALIGN (0x4)
 *(.isr_vector)
 .isr_vector    0x0000000008000000      0x10c Core/Startup/startup_stm32f103c8tx.o
                0x0000000008000000                g_pfnVectors
                0x000000000800010c                . = ALIGN (0x4)

.text           0x000000000800010c     0x3af8
                0x000000000800010c                . = ALIGN (0x4)
 *(.text)
 .text          0x000000000800010c       0x40 d:/stm32cubeide/stm32cubeide_1.6.1/stm32cubeide/plugins/com.st.stm32cube.ide.mcu.externaltools.gnu-tools-for-stm32.9-2020-q2-update.win32_1.5.0.202011040924/tools/bin/../lib/gcc/arm-none-eabi/9.3.1/thumb/v7-m/nofp/crtbegin.o
 *(.text*)
 .text.GC9A01A_set_spi_datasize
                0x000000000800014c       0x90 Core/Src/gc9a01a.o
 .text.GC9A01A_start_spi_transaction
                0x00000000080001dc       0x22 Core/Src/gc9a01a.o
 .text.GC9A01A_end_spi_transaction
                0x00000000080001fe       0x22 Core/Src/gc9a01a.o
 .text.GC9A01A_transmit_command
                0x0000000008000220       0x46 Core/Src/gc9a01a.o
 .text.GC9A01A_transmit_data
                0x0000000008000266       0x24 Core/Src/gc9a01a.o
 *fill*         0x000000000800028a        0x2 
 .text.GC9A01A_init
                0x000000000800028c      0x120 Core/Src/gc9a01a.o
                0x000000000800028c                GC9A01A_init
 .text.GC9A01A_configure_param
                0x00000000080003ac       0x4a Core/Src/gc9a01a.o
                0x00000000080003ac                GC9A01A_configure_param
 .text.GC9A01A_set_addr_window
                0x00000000080003f6       0xba Core/Src/gc9a01a.o
                0x00000000080003f6                GC9A01A_set_addr_window
 .text.GC9A01A_set_spi_datasize
                0x00000000080004b0       0x90 Core/Src/main.o
 .text.GC9A01A_start_spi_transaction
                0x0000000008000540       0x22 Core/Src/main.o
 .text.GC9A01A_end_spi_transaction
                0x0000000008000562       0x22 Core/Src/main.o
 .text.Beep     0x0000000008000584       0x20 Core/Src/main.o
                0x0000000008000584                Beep
 .text.draw_segment
                0x00000000080005a4       0x84 Core/Src/main.o
                0x00000000080005a4                draw_segment
 .text.Display_Digit
                0x0000000008000628      0x19c Core/Src/main.o
                0x0000000008000628                Display_Digit
 .text.Display_Small_Digit
                0x00000000080007c4      0x19c Core/Src/main.o
                0x00000000080007c4                Display_Small_Digit
 .text.FSM_Update
                0x0000000008000960      0x224 Core/Src/main.o
                0x0000000008000960                FSM_Update
 .text.main     0x0000000008000b84      0x37c Core/Src/main.o
                0x0000000008000b84                main
 .text.SystemClock_Config
                0x0000000008000f00       0xba Core/Src/main.o
                0x0000000008000f00                SystemClock_Config
 *fill*         0x0000000008000fba        0x2 
 .text.MX_RTC_Init
                0x0000000008000fbc       0x94 Core/Src/main.o
 .text.MX_SPI1_Init
                0x0000000008001050       0x6c Core/Src/main.o
 .text.MX_TIM2_Init
                0x00000000080010bc       0x98 Core/Src/main.o
 .text.MX_GPIO_Init
                0x0000000008001154       0xe4 Core/Src/main.o
 .text.HAL_GPIO_EXTI_Callback
                0x0000000008001238       0x8c Core/Src/main.o
                0x0000000008001238                HAL_GPIO_EXTI_Callback
 .text.HAL_TIM_PeriodElapsedCallback
                0x00000000080012c4       0xdc Core/Src/main.o
                0x00000000080012c4                HAL_TIM_PeriodElapsedCallback
 .text.Error_Handler
                0x00000000080013a0        0xa Core/Src/main.o
                0x00000000080013a0                Error_Handler
 *fill*         0x00000000080013aa        0x2 
 .text.HAL_MspInit
                0x00000000080013ac       0x74 Core/Src/stm32f1xx_hal_msp.o
                0x00000000080013ac                HAL_MspInit
 .text.HAL_RTC_MspInit
                0x0000000008001420       0x48 Core/Src/stm32f1xx_hal_msp.o
                0x0000000008001420                HAL_RTC_MspInit
 .text.HAL_SPI_MspInit
                0x0000000008001468       0x94 Core/Src/stm32f1xx_hal_msp.o
                0x0000000008001468                HAL_SPI_MspInit
 .text.HAL_TIM_Base_MspInit
                0x00000000080014fc       0x48 Core/Src/stm32f1xx_hal_msp.o
                0x00000000080014fc                HAL_TIM_Base_MspInit
 .text.NMI_Handler
                0x0000000008001544        0x6 Core/Src/stm32f1xx_it.o
                0x0000000008001544                NMI_Handler
 .text.HardFault_Handler
                0x000000000800154a        0x6 Core/Src/stm32f1xx_it.o
                0x000000000800154a                HardFault_Handler
 .text.MemManage_Handler
                0x0000000008001550        0x6 Core/Src/stm32f1xx_it.o
                0x0000000008001550                MemManage_Handler
 .text.BusFault_Handler
                0x0000000008001556        0x6 Core/Src/stm32f1xx_it.o
                0x0000000008001556                BusFault_Handler
 .text.UsageFault_Handler
                0x000000000800155c        0x6 Core/Src/stm32f1xx_it.o
                0x000000000800155c                UsageFault_Handler
 .text.SVC_Handler
                0x0000000008001562        0xc Core/Src/stm32f1xx_it.o
                0x0000000008001562                SVC_Handler
 .text.DebugMon_Handler
                0x000000000800156e        0xc Core/Src/stm32f1xx_it.o
                0x000000000800156e                DebugMon_Handler
 .text.PendSV_Handler
                0x000000000800157a        0xc Core/Src/stm32f1xx_it.o
                0x000000000800157a                PendSV_Handler
 .text.SysTick_Handler
                0x0000000008001586        0xc Core/Src/stm32f1xx_it.o
                0x0000000008001586                SysTick_Handler
 .text.RCC_IRQHandler
                0x0000000008001592        0xc Core/Src/stm32f1xx_it.o
                0x0000000008001592                RCC_IRQHandler
 .text.EXTI9_5_IRQHandler
                0x000000000800159e       0x18 Core/Src/stm32f1xx_it.o
                0x000000000800159e                EXTI9_5_IRQHandler
 .text.EXTI15_10_IRQHandler
                0x00000000080015b6       0x10 Core/Src/stm32f1xx_it.o
                0x00000000080015b6                EXTI15_10_IRQHandler
 *fill*         0x00000000080015c6        0x2 
 .text.TIM2_IRQHandler
                0x00000000080015c8       0x14 Core/Src/stm32f1xx_it.o
                0x00000000080015c8                TIM2_IRQHandler
 .text.SystemInit
                0x00000000080015dc        0xc Core/Src/system_stm32f1xx.o
                0x00000000080015dc                SystemInit
 .text.Reset_Handler
                0x00000000080015e8       0x48 Core/Startup/startup_stm32f103c8tx.o
                0x00000000080015e8                Reset_Handler
 .text.Default_Handler
                0x0000000008001630        0x2 Core/Startup/startup_stm32f103c8tx.o
                0x0000000008001630                RTC_Alarm_IRQHandler
                0x0000000008001630                EXTI2_IRQHandler
                0x0000000008001630                TIM1_CC_IRQHandler
                0x0000000008001630                PVD_IRQHandler
                0x0000000008001630                EXTI3_IRQHandler
                0x0000000008001630                EXTI0_IRQHandler
                0x0000000008001630                I2C2_EV_IRQHandler
                0x0000000008001630                ADC1_2_IRQHandler
                0x0000000008001630                SPI1_IRQHandler
                0x0000000008001630                TAMPER_IRQHandler
                0x0000000008001630                DMA1_Channel4_IRQHandler
                0x0000000008001630                USART3_IRQHandler
                0x0000000008001630                RTC_IRQHandler
                0x0000000008001630                DMA1_Channel7_IRQHandler
                0x0000000008001630                CAN1_RX1_IRQHandler
                0x0000000008001630                TIM4_IRQHandler
                0x0000000008001630                I2C1_EV_IRQHandler
                0x0000000008001630                DMA1_Channel6_IRQHandler
                0x0000000008001630                TIM3_IRQHandler
                0x0000000008001630                TIM1_TRG_COM_IRQHandler
                0x0000000008001630                DMA1_Channel1_IRQHandler
                0x0000000008001630                Default_Handler
                0x0000000008001630                SPI2_IRQHandler
                0x0000000008001630                DMA1_Channel5_IRQHandler
                0x0000000008001630                EXTI4_IRQHandler
                0x0000000008001630                USB_LP_CAN1_RX0_IRQHandler
                0x0000000008001630                USB_HP_CAN1_TX_IRQHandler
                0x0000000008001630                DMA1_Channel3_IRQHandler
                0x0000000008001630                TIM1_UP_IRQHandler
                0x0000000008001630                WWDG_IRQHandler
                0x0000000008001630                TIM1_BRK_IRQHandler
                0x0000000008001630                EXTI1_IRQHandler
                0x0000000008001630                USART2_IRQHandler
                0x0000000008001630                I2C2_ER_IRQHandler
                0x0000000008001630                DMA1_Channel2_IRQHandler
                0x0000000008001630                CAN1_SCE_IRQHandler
                0x0000000008001630                FLASH_IRQHandler
                0x0000000008001630                USART1_IRQHandler
                0x0000000008001630                I2C1_ER_IRQHandler
                0x0000000008001630                USBWakeUp_IRQHandler
 *fill*         0x0000000008001632        0x2 
 .text.HAL_Init
                0x0000000008001634       0x2c Drivers/STM32F1xx_HAL_Driver/Src/stm32f1xx_hal.o
                0x0000000008001634                HAL_Init
 .text.HAL_InitTick
                0x0000000008001660       0x60 Drivers/STM32F1xx_HAL_Driver/Src/stm32f1xx_hal.o
                0x0000000008001660                HAL_InitTick
 .text.HAL_IncTick
                0x00000000080016c0       0x24 Drivers/STM32F1xx_HAL_Driver/Src/stm32f1xx_hal.o
                0x00000000080016c0                HAL_IncTick
 .text.HAL_GetTick
                0x00000000080016e4       0x14 Drivers/STM32F1xx_HAL_Driver/Src/stm32f1xx_hal.o
                0x00000000080016e4                HAL_GetTick
 .text.HAL_Delay
                0x00000000080016f8       0x48 Drivers/STM32F1xx_HAL_Driver/Src/stm32f1xx_hal.o
                0x00000000080016f8                HAL_Delay
 .text.__NVIC_SetPriorityGrouping
                0x0000000008001740       0x48 Drivers/STM32F1xx_HAL_Driver/Src/stm32f1xx_hal_cortex.o
 .text.__NVIC_GetPriorityGrouping
                0x0000000008001788       0x1c Drivers/STM32F1xx_HAL_Driver/Src/stm32f1xx_hal_cortex.o
 .text.__NVIC_EnableIRQ
                0x00000000080017a4       0x38 Drivers/STM32F1xx_HAL_Driver/Src/stm32f1xx_hal_cortex.o
 .text.__NVIC_SetPriority
                0x00000000080017dc       0x54 Drivers/STM32F1xx_HAL_Driver/Src/stm32f1xx_hal_cortex.o
 .text.NVIC_EncodePriority
                0x0000000008001830       0x64 Drivers/STM32F1xx_HAL_Driver/Src/stm32f1xx_hal_cortex.o
 .text.SysTick_Config
                0x0000000008001894       0x44 Drivers/STM32F1xx_HAL_Driver/Src/stm32f1xx_hal_cortex.o
 .text.HAL_NVIC_SetPriorityGrouping
                0x00000000080018d8       0x16 Drivers/STM32F1xx_HAL_Driver/Src/stm32f1xx_hal_cortex.o
                0x00000000080018d8                HAL_NVIC_SetPriorityGrouping
 .text.HAL_NVIC_SetPriority
                0x00000000080018ee       0x38 Drivers/STM32F1xx_HAL_Driver/Src/stm32f1xx_hal_cortex.o
                0x00000000080018ee                HAL_NVIC_SetPriority
 .text.HAL_NVIC_EnableIRQ
                0x0000000008001926       0x1c Drivers/STM32F1xx_HAL_Driver/Src/stm32f1xx_hal_cortex.o
                0x0000000008001926                HAL_NVIC_EnableIRQ
 .text.HAL_SYSTICK_Config
                0x0000000008001942       0x18 Drivers/STM32F1xx_HAL_Driver/Src/stm32f1xx_hal_cortex.o
                0x0000000008001942                HAL_SYSTICK_Config
 *fill*         0x000000000800195a        0x2 
 .text.HAL_GPIO_Init
                0x000000000800195c      0x308 Drivers/STM32F1xx_HAL_Driver/Src/stm32f1xx_hal_gpio.o
                0x000000000800195c                HAL_GPIO_Init
 .text.HAL_GPIO_WritePin
                0x0000000008001c64       0x30 Drivers/STM32F1xx_HAL_Driver/Src/stm32f1xx_hal_gpio.o
                0x0000000008001c64                HAL_GPIO_WritePin
 .text.HAL_GPIO_EXTI_IRQHandler
                0x0000000008001c94       0x30 Drivers/STM32F1xx_HAL_Driver/Src/stm32f1xx_hal_gpio.o
                0x0000000008001c94                HAL_GPIO_EXTI_IRQHandler
 .text.HAL_PWR_EnableBkUpAccess
                0x0000000008001cc4       0x18 Drivers/STM32F1xx_HAL_Driver/Src/stm32f1xx_hal_pwr.o
                0x0000000008001cc4                HAL_PWR_EnableBkUpAccess
 .text.HAL_RCC_OscConfig
                0x0000000008001cdc      0x500 Drivers/STM32F1xx_HAL_Driver/Src/stm32f1xx_hal_rcc.o
                0x0000000008001cdc                HAL_RCC_OscConfig
 .text.HAL_RCC_ClockConfig
                0x00000000080021dc      0x1d4 Drivers/STM32F1xx_HAL_Driver/Src/stm32f1xx_hal_rcc.o
                0x00000000080021dc                HAL_RCC_ClockConfig
 .text.HAL_RCC_GetSysClockFreq
                0x00000000080023b0       0xa8 Drivers/STM32F1xx_HAL_Driver/Src/stm32f1xx_hal_rcc.o
                0x00000000080023b0                HAL_RCC_GetSysClockFreq
 .text.HAL_RCC_GetHCLKFreq
                0x0000000008002458       0x14 Drivers/STM32F1xx_HAL_Driver/Src/stm32f1xx_hal_rcc.o
                0x0000000008002458                HAL_RCC_GetHCLKFreq
 .text.HAL_RCC_GetPCLK2Freq
                0x000000000800246c       0x28 Drivers/STM32F1xx_HAL_Driver/Src/stm32f1xx_hal_rcc.o
                0x000000000800246c                HAL_RCC_GetPCLK2Freq
 .text.RCC_Delay
                0x0000000008002494       0x3c Drivers/STM32F1xx_HAL_Driver/Src/stm32f1xx_hal_rcc.o
 .text.HAL_RCCEx_PeriphCLKConfig
                0x00000000080024d0      0x16c Drivers/STM32F1xx_HAL_Driver/Src/stm32f1xx_hal_rcc_ex.o
                0x00000000080024d0                HAL_RCCEx_PeriphCLKConfig
 .text.HAL_RCCEx_GetPeriphCLKFreq
                0x000000000800263c      0x16c Drivers/STM32F1xx_HAL_Driver/Src/stm32f1xx_hal_rcc_ex.o
                0x000000000800263c                HAL_RCCEx_GetPeriphCLKFreq
 .text.HAL_RTC_Init
                0x00000000080027a8      0x118 Drivers/STM32F1xx_HAL_Driver/Src/stm32f1xx_hal_rtc.o
                0x00000000080027a8                HAL_RTC_Init
 .text.HAL_RTC_SetTime
                0x00000000080028c0      0x12e Drivers/STM32F1xx_HAL_Driver/Src/stm32f1xx_hal_rtc.o
                0x00000000080028c0                HAL_RTC_SetTime
 *fill*         0x00000000080029ee        0x2 
 .text.HAL_RTC_SetDate
                0x00000000080029f0      0x16c Drivers/STM32F1xx_HAL_Driver/Src/stm32f1xx_hal_rtc.o
                0x00000000080029f0                HAL_RTC_SetDate
 .text.HAL_RTC_WaitForSynchro
                0x0000000008002b5c       0x5a Drivers/STM32F1xx_HAL_Driver/Src/stm32f1xx_hal_rtc.o
                0x0000000008002b5c                HAL_RTC_WaitForSynchro
 .text.RTC_ReadTimeCounter
                0x0000000008002bb6       0x60 Drivers/STM32F1xx_HAL_Driver/Src/stm32f1xx_hal_rtc.o
 .text.RTC_WriteTimeCounter
                0x0000000008002c16       0x4e Drivers/STM32F1xx_HAL_Driver/Src/stm32f1xx_hal_rtc.o
 .text.RTC_ReadAlarmCounter
                0x0000000008002c64       0x32 Drivers/STM32F1xx_HAL_Driver/Src/stm32f1xx_hal_rtc.o
 .text.RTC_WriteAlarmCounter
                0x0000000008002c96       0x4e Drivers/STM32F1xx_HAL_Driver/Src/stm32f1xx_hal_rtc.o
 .text.RTC_EnterInitMode
                0x0000000008002ce4       0x50 Drivers/STM32F1xx_HAL_Driver/Src/stm32f1xx_hal_rtc.o
 .text.RTC_ExitInitMode
                0x0000000008002d34       0x50 Drivers/STM32F1xx_HAL_Driver/Src/stm32f1xx_hal_rtc.o
 .text.RTC_Bcd2ToByte
                0x0000000008002d84       0x3a Drivers/STM32F1xx_HAL_Driver/Src/stm32f1xx_hal_rtc.o
 *fill*         0x0000000008002dbe        0x2 
 .text.RTC_WeekDayNum
                0x0000000008002dc0       0xf0 Drivers/STM32F1xx_HAL_Driver/Src/stm32f1xx_hal_rtc.o
 .text.HAL_SPI_Init
                0x0000000008002eb0      0x108 Drivers/STM32F1xx_HAL_Driver/Src/stm32f1xx_hal_spi.o
                0x0000000008002eb0                HAL_SPI_Init
 .text.HAL_SPI_Transmit
                0x0000000008002fb8      0x288 Drivers/STM32F1xx_HAL_Driver/Src/stm32f1xx_hal_spi.o
                0x0000000008002fb8                HAL_SPI_Transmit
 .text.SPI_WaitFlagStateUntilTimeout
                0x0000000008003240      0x110 Drivers/STM32F1xx_HAL_Driver/Src/stm32f1xx_hal_spi.o
 .text.SPI_EndRxTxTransaction
                0x0000000008003350       0x62 Drivers/STM32F1xx_HAL_Driver/Src/stm32f1xx_hal_spi.o
 .text.HAL_TIM_Base_Init
                0x00000000080033b2       0x9e Drivers/STM32F1xx_HAL_Driver/Src/stm32f1xx_hal_tim.o
                0x00000000080033b2                HAL_TIM_Base_Init
 .text.HAL_TIM_Base_Start_IT
                0x0000000008003450       0xa4 Drivers/STM32F1xx_HAL_Driver/Src/stm32f1xx_hal_tim.o
                0x0000000008003450                HAL_TIM_Base_Start_IT
 .text.HAL_TIM_IRQHandler
                0x00000000080034f4      0x1e0 Drivers/STM32F1xx_HAL_Driver/Src/stm32f1xx_hal_tim.o
                0x00000000080034f4                HAL_TIM_IRQHandler
 .text.HAL_TIM_ConfigClockSource
                0x00000000080036d4      0x18e Drivers/STM32F1xx_HAL_Driver/Src/stm32f1xx_hal_tim.o
                0x00000000080036d4                HAL_TIM_ConfigClockSource
 .text.HAL_TIM_OC_DelayElapsedCallback
                0x0000000008003862       0x12 Drivers/STM32F1xx_HAL_Driver/Src/stm32f1xx_hal_tim.o
                0x0000000008003862                HAL_TIM_OC_DelayElapsedCallback
 .text.HAL_TIM_IC_CaptureCallback
                0x0000000008003874       0x12 Drivers/STM32F1xx_HAL_Driver/Src/stm32f1xx_hal_tim.o
                0x0000000008003874                HAL_TIM_IC_CaptureCallback
 .text.HAL_TIM_PWM_PulseFinishedCallback
                0x0000000008003886       0x12 Drivers/STM32F1xx_HAL_Driver/Src/stm32f1xx_hal_tim.o
                0x0000000008003886                HAL_TIM_PWM_PulseFinishedCallback
 .text.HAL_TIM_TriggerCallback
                0x0000000008003898       0x12 Drivers/STM32F1xx_HAL_Driver/Src/stm32f1xx_hal_tim.o
                0x0000000008003898                HAL_TIM_TriggerCallback
 *fill*         0x00000000080038aa        0x2 
 .text.TIM_Base_SetConfig
                0x00000000080038ac       0xdc Drivers/STM32F1xx_HAL_Driver/Src/stm32f1xx_hal_tim.o
                0x00000000080038ac                TIM_Base_SetConfig
 .text.TIM_TI1_ConfigInputStage
                0x0000000008003988       0x5c Drivers/STM32F1xx_HAL_Driver/Src/stm32f1xx_hal_tim.o
 .text.TIM_TI2_ConfigInputStage
                0x00000000080039e4       0x5e Drivers/STM32F1xx_HAL_Driver/Src/stm32f1xx_hal_tim.o
 .text.TIM_ITRx_SetConfig
                0x0000000008003a42       0x34 Drivers/STM32F1xx_HAL_Driver/Src/stm32f1xx_hal_tim.o
 .text.TIM_ETR_SetConfig
                0x0000000008003a76       0x3e Drivers/STM32F1xx_HAL_Driver/Src/stm32f1xx_hal_tim.o
                0x0000000008003a76                TIM_ETR_SetConfig
 .text.HAL_TIMEx_MasterConfigSynchronization
                0x0000000008003ab4       0xbc Drivers/STM32F1xx_HAL_Driver/Src/stm32f1xx_hal_tim_ex.o
                0x0000000008003ab4                HAL_TIMEx_MasterConfigSynchronization
 .text.HAL_TIMEx_CommutCallback
                0x0000000008003b70       0x12 Drivers/STM32F1xx_HAL_Driver/Src/stm32f1xx_hal_tim_ex.o
                0x0000000008003b70                HAL_TIMEx_CommutCallback
 .text.HAL_TIMEx_BreakCallback
                0x0000000008003b82       0x12 Drivers/STM32F1xx_HAL_Driver/Src/stm32f1xx_hal_tim_ex.o
                0x0000000008003b82                HAL_TIMEx_BreakCallback
 .text.__libc_init_array
                0x0000000008003b94       0x48 d:/stm32cubeide/stm32cubeide_1.6.1/stm32cubeide/plugins/com.st.stm32cube.ide.mcu.externaltools.gnu-tools-for-stm32.9-2020-q2-update.win32_1.5.0.202011040924/tools/bin/../lib/gcc/arm-none-eabi/9.3.1/../../../../arm-none-eabi/lib/thumb/v7-m/nofp\libc_nano.a(lib_a-init.o)
                0x0000000008003b94                __libc_init_array
 .text.memset   0x0000000008003bdc       0x10 d:/stm32cubeide/stm32cubeide_1.6.1/stm32cubeide/plugins/com.st.stm32cube.ide.mcu.externaltools.gnu-tools-for-stm32.9-2020-q2-update.win32_1.5.0.202011040924/tools/bin/../lib/gcc/arm-none-eabi/9.3.1/../../../../arm-none-eabi/lib/thumb/v7-m/nofp\libc_nano.a(lib_a-memset.o)
                0x0000000008003bdc                memset
 *(.glue_7)
 .glue_7        0x0000000008003bec        0x0 linker stubs
 *(.glue_7t)
 .glue_7t       0x0000000008003bec        0x0 linker stubs
 *(.eh_frame)
 .eh_frame      0x0000000008003bec        0x0 d:/stm32cubeide/stm32cubeide_1.6.1/stm32cubeide/plugins/com.st.stm32cube.ide.mcu.externaltools.gnu-tools-for-stm32.9-2020-q2-update.win32_1.5.0.202011040924/tools/bin/../lib/gcc/arm-none-eabi/9.3.1/thumb/v7-m/nofp/crtbegin.o
 *(.init)
 .init          0x0000000008003bec        0x4 d:/stm32cubeide/stm32cubeide_1.6.1/stm32cubeide/plugins/com.st.stm32cube.ide.mcu.externaltools.gnu-tools-for-stm32.9-2020-q2-update.win32_1.5.0.202011040924/tools/bin/../lib/gcc/arm-none-eabi/9.3.1/thumb/v7-m/nofp/crti.o
                0x0000000008003bec                _init
 .init          0x0000000008003bf0        0x8 d:/stm32cubeide/stm32cubeide_1.6.1/stm32cubeide/plugins/com.st.stm32cube.ide.mcu.externaltools.gnu-tools-for-stm32.9-2020-q2-update.win32_1.5.0.202011040924/tools/bin/../lib/gcc/arm-none-eabi/9.3.1/thumb/v7-m/nofp/crtn.o
 *(.fini)
 .fini          0x0000000008003bf8        0x4 d:/stm32cubeide/stm32cubeide_1.6.1/stm32cubeide/plugins/com.st.stm32cube.ide.mcu.externaltools.gnu-tools-for-stm32.9-2020-q2-update.win32_1.5.0.202011040924/tools/bin/../lib/gcc/arm-none-eabi/9.3.1/thumb/v7-m/nofp/crti.o
                0x0000000008003bf8                _fini
 .fini          0x0000000008003bfc        0x8 d:/stm32cubeide/stm32cubeide_1.6.1/stm32cubeide/plugins/com.st.stm32cube.ide.mcu.externaltools.gnu-tools-for-stm32.9-2020-q2-update.win32_1.5.0.202011040924/tools/bin/../lib/gcc/arm-none-eabi/9.3.1/thumb/v7-m/nofp/crtn.o
                0x0000000008003c04                . = ALIGN (0x4)
                0x0000000008003c04                _etext = .

.vfp11_veneer   0x0000000008003c04        0x0
 .vfp11_veneer  0x0000000008003c04        0x0 linker stubs

.v4_bx          0x0000000008003c04        0x0
 .v4_bx         0x0000000008003c04        0x0 linker stubs

.iplt           0x0000000008003c04        0x0
 .iplt          0x0000000008003c04        0x0 d:/stm32cubeide/stm32cubeide_1.6.1/stm32cubeide/plugins/com.st.stm32cube.ide.mcu.externaltools.gnu-tools-for-stm32.9-2020-q2-update.win32_1.5.0.202011040924/tools/bin/../lib/gcc/arm-none-eabi/9.3.1/thumb/v7-m/nofp/crtbegin.o

.rodata         0x0000000008003c04      0x12c
                0x0000000008003c04                . = ALIGN (0x4)
 *(.rodata)
 *(.rodata*)
 .rodata.INIT_CMD
                0x0000000008003c04       0xe0 Core/Src/gc9a01a.o
 .rodata.seg_map
                0x0000000008003ce4        0xa Core/Src/main.o
                0x0000000008003ce4                seg_map
 *fill*         0x0000000008003cee        0x2 
 .rodata.AHBPrescTable
                0x0000000008003cf0       0x10 Core/Src/system_stm32f1xx.o
                0x0000000008003cf0                AHBPrescTable
 .rodata.APBPrescTable
                0x0000000008003d00        0x8 Core/Src/system_stm32f1xx.o
                0x0000000008003d00                APBPrescTable
 .rodata.aPLLMULFactorTable.6289
                0x0000000008003d08       0x10 Drivers/STM32F1xx_HAL_Driver/Src/stm32f1xx_hal_rcc.o
 .rodata.aPredivFactorTable.6290
                0x0000000008003d18        0x2 Drivers/STM32F1xx_HAL_Driver/Src/stm32f1xx_hal_rcc.o
 *fill*         0x0000000008003d1a        0x2 
 .rodata.aPLLMULFactorTable.6224
                0x0000000008003d1c       0x10 Drivers/STM32F1xx_HAL_Driver/Src/stm32f1xx_hal_rcc_ex.o
 .rodata.aPredivFactorTable.6225
                0x0000000008003d2c        0x2 Drivers/STM32F1xx_HAL_Driver/Src/stm32f1xx_hal_rcc_ex.o
                0x0000000008003d30                . = ALIGN (0x4)
 *fill*         0x0000000008003d2e        0x2 

.rel.dyn        0x0000000008003d30        0x0
 .rel.iplt      0x0000000008003d30        0x0 d:/stm32cubeide/stm32cubeide_1.6.1/stm32cubeide/plugins/com.st.stm32cube.ide.mcu.externaltools.gnu-tools-for-stm32.9-2020-q2-update.win32_1.5.0.202011040924/tools/bin/../lib/gcc/arm-none-eabi/9.3.1/thumb/v7-m/nofp/crtbegin.o

.ARM.extab      0x0000000008003d30        0x0
                0x0000000008003d30                . = ALIGN (0x4)
 *(.ARM.extab* .gnu.linkonce.armextab.*)
                0x0000000008003d30                . = ALIGN (0x4)

.ARM            0x0000000008003d30        0x0
                0x0000000008003d30                . = ALIGN (0x4)
                0x0000000008003d30                __exidx_start = .
 *(.ARM.exidx*)
                0x0000000008003d30                __exidx_end = .
                0x0000000008003d30                . = ALIGN (0x4)

.preinit_array  0x0000000008003d30        0x0
                0x0000000008003d30                . = ALIGN (0x4)
                0x0000000008003d30                PROVIDE (__preinit_array_start = .)
 *(.preinit_array*)
                0x0000000008003d30                PROVIDE (__preinit_array_end = .)
                0x0000000008003d30                . = ALIGN (0x4)

.init_array     0x0000000008003d30        0x4
                0x0000000008003d30                . = ALIGN (0x4)
                0x0000000008003d30                PROVIDE (__init_array_start = .)
 *(SORT_BY_NAME(.init_array.*))
 *(.init_array*)
 .init_array    0x0000000008003d30        0x4 d:/stm32cubeide/stm32cubeide_1.6.1/stm32cubeide/plugins/com.st.stm32cube.ide.mcu.externaltools.gnu-tools-for-stm32.9-2020-q2-update.win32_1.5.0.202011040924/tools/bin/../lib/gcc/arm-none-eabi/9.3.1/thumb/v7-m/nofp/crtbegin.o
                0x0000000008003d34                PROVIDE (__init_array_end = .)
                0x0000000008003d34                . = ALIGN (0x4)

.fini_array     0x0000000008003d34        0x4
                0x0000000008003d34                . = ALIGN (0x4)
                [!provide]                        PROVIDE (__fini_array_start = .)
 *(SORT_BY_NAME(.fini_array.*))
 *(.fini_array*)
 .fini_array    0x0000000008003d34        0x4 d:/stm32cubeide/stm32cubeide_1.6.1/stm32cubeide/plugins/com.st.stm32cube.ide.mcu.externaltools.gnu-tools-for-stm32.9-2020-q2-update.win32_1.5.0.202011040924/tools/bin/../lib/gcc/arm-none-eabi/9.3.1/thumb/v7-m/nofp/crtbegin.o
                [!provide]                        PROVIDE (__fini_array_end = .)
                0x0000000008003d38                . = ALIGN (0x4)
                0x0000000008003d38                _sidata = LOADADDR (.data)

.data           0x0000000020000000       0x10 load address 0x0000000008003d38
                0x0000000020000000                . = ALIGN (0x4)
                0x0000000020000000                _sdata = .
 *(.data)
 *(.data*)
 .data.show_dots
                0x0000000020000000        0x1 Core/Src/main.o
                0x0000000020000000                show_dots
 .data.update_display
                0x0000000020000001        0x1 Core/Src/main.o
                0x0000000020000001                update_display
 *fill*         0x0000000020000002        0x2 
 .data.SystemCoreClock
                0x0000000020000004        0x4 Core/Src/system_stm32f1xx.o
                0x0000000020000004                SystemCoreClock
 .data.uwTickPrio
                0x0000000020000008        0x4 Drivers/STM32F1xx_HAL_Driver/Src/stm32f1xx_hal.o
                0x0000000020000008                uwTickPrio
 .data.uwTickFreq
                0x000000002000000c        0x1 Drivers/STM32F1xx_HAL_Driver/Src/stm32f1xx_hal.o
                0x000000002000000c                uwTickFreq
 *(.RamFunc)
 *(.RamFunc*)
                0x0000000020000010                . = ALIGN (0x4)
 *fill*         0x000000002000000d        0x3 
                0x0000000020000010                _edata = .

.igot.plt       0x0000000020000010        0x0 load address 0x0000000008003d48
 .igot.plt      0x0000000020000010        0x0 d:/stm32cubeide/stm32cubeide_1.6.1/stm32cubeide/plugins/com.st.stm32cube.ide.mcu.externaltools.gnu-tools-for-stm32.9-2020-q2-update.win32_1.5.0.202011040924/tools/bin/../lib/gcc/arm-none-eabi/9.3.1/thumb/v7-m/nofp/crtbegin.o
                0x0000000020000010                . = ALIGN (0x4)

.bss            0x0000000020000010      0x154 load address 0x0000000008003d48
                0x0000000020000010                _sbss = .
                0x0000000020000010                __bss_start__ = _sbss
 *(.bss)
 .bss           0x0000000020000010       0x1c d:/stm32cubeide/stm32cubeide_1.6.1/stm32cubeide/plugins/com.st.stm32cube.ide.mcu.externaltools.gnu-tools-for-stm32.9-2020-q2-update.win32_1.5.0.202011040924/tools/bin/../lib/gcc/arm-none-eabi/9.3.1/thumb/v7-m/nofp/crtbegin.o
 *(.bss*)
 .bss.milliseconds
                0x000000002000002c        0x2 Core/Src/main.o
                0x000000002000002c                milliseconds
 .bss.seconds   0x000000002000002e        0x1 Core/Src/main.o
                0x000000002000002e                seconds
 .bss.minutes   0x000000002000002f        0x1 Core/Src/main.o
                0x000000002000002f                minutes
 .bss.buzzer_timeout
                0x0000000020000030        0x1 Core/Src/main.o
                0x0000000020000030                buzzer_timeout
 .bss.is_running
                0x0000000020000031        0x1 Core/Src/main.o
                0x0000000020000031                is_running
 .bss.pending_event
                0x0000000020000032        0x1 Core/Src/main.o
                0x0000000020000032                pending_event
 .bss.current_state
                0x0000000020000033        0x1 Core/Src/main.o
                0x0000000020000033                current_state
 .bss.lap_count
                0x0000000020000034        0x1 Core/Src/main.o
                0x0000000020000034                lap_count
 .bss.current_lap_view
                0x0000000020000035        0x1 Core/Src/main.o
                0x0000000020000035                current_lap_view
 *fill*         0x0000000020000036        0x2 
 .bss.last_blue_time.6431
                0x0000000020000038        0x4 Core/Src/main.o
 .bss.last_yellow_time.6432
                0x000000002000003c        0x4 Core/Src/main.o
 .bss.last_red_time.6433
                0x0000000020000040        0x4 Core/Src/main.o
 *(COMMON)
 COMMON         0x0000000020000044      0x11c Core/Src/main.o
                0x0000000020000044                lap_array
                0x0000000020000080                hrtc
                0x0000000020000094                my_tft
                0x00000000200000c0                hspi1
                0x0000000020000118                htim2
 COMMON         0x0000000020000160        0x4 Drivers/STM32F1xx_HAL_Driver/Src/stm32f1xx_hal.o
                0x0000000020000160                uwTick
                0x0000000020000164                . = ALIGN (0x4)
                0x0000000020000164                _ebss = .
                0x0000000020000164                __bss_end__ = _ebss

._user_heap_stack
                0x0000000020000164      0x604 load address 0x0000000008003d48
                0x0000000020000168                . = ALIGN (0x8)
 *fill*         0x0000000020000164        0x4 
                [!provide]                        PROVIDE (end = .)
                0x0000000020000168                PROVIDE (_end = .)
                0x0000000020000368                . = (. + _Min_Heap_Size)
 *fill*         0x0000000020000168      0x200 
                0x0000000020000768                . = (. + _Min_Stack_Size)
 *fill*         0x0000000020000368      0x400 
                0x0000000020000768                . = ALIGN (0x8)

/DISCARD/
 libc.a(*)
 libm.a(*)
 libgcc.a(*)

.ARM.attributes
                0x0000000000000000       0x29
 *(.ARM.attributes)
 .ARM.attributes
                0x0000000000000000       0x1d d:/stm32cubeide/stm32cubeide_1.6.1/stm32cubeide/plugins/com.st.stm32cube.ide.mcu.externaltools.gnu-tools-for-stm32.9-2020-q2-update.win32_1.5.0.202011040924/tools/bin/../lib/gcc/arm-none-eabi/9.3.1/thumb/v7-m/nofp/crti.o
 .ARM.attributes
                0x000000000000001d       0x2d d:/stm32cubeide/stm32cubeide_1.6.1/stm32cubeide/plugins/com.st.stm32cube.ide.mcu.externaltools.gnu-tools-for-stm32.9-2020-q2-update.win32_1.5.0.202011040924/tools/bin/../lib/gcc/arm-none-eabi/9.3.1/thumb/v7-m/nofp/crtbegin.o
 .ARM.attributes
                0x000000000000004a       0x2d Core/Src/gc9a01a.o
 .ARM.attributes
                0x0000000000000077       0x2d Core/Src/main.o
 .ARM.attributes
                0x00000000000000a4       0x2d Core/Src/stm32f1xx_hal_msp.o
 .ARM.attributes
                0x00000000000000d1       0x2d Core/Src/stm32f1xx_it.o
 .ARM.attributes
                0x00000000000000fe       0x2d Core/Src/system_stm32f1xx.o
 .ARM.attributes
                0x000000000000012b       0x21 Core/Startup/startup_stm32f103c8tx.o
 .ARM.attributes
                0x000000000000014c       0x2d Drivers/STM32F1xx_HAL_Driver/Src/stm32f1xx_hal.o
 .ARM.attributes
                0x0000000000000179       0x2d Drivers/STM32F1xx_HAL_Driver/Src/stm32f1xx_hal_cortex.o
 .ARM.attributes
                0x00000000000001a6       0x2d Drivers/STM32F1xx_HAL_Driver/Src/stm32f1xx_hal_gpio.o
 .ARM.attributes
                0x00000000000001d3       0x2d Drivers/STM32F1xx_HAL_Driver/Src/stm32f1xx_hal_pwr.o
 .ARM.attributes
                0x0000000000000200       0x2d Drivers/STM32F1xx_HAL_Driver/Src/stm32f1xx_hal_rcc.o
 .ARM.attributes
                0x000000000000022d       0x2d Drivers/STM32F1xx_HAL_Driver/Src/stm32f1xx_hal_rcc_ex.o
 .ARM.attributes
                0x000000000000025a       0x2d Drivers/STM32F1xx_HAL_Driver/Src/stm32f1xx_hal_rtc.o
 .ARM.attributes
                0x0000000000000287       0x2d Drivers/STM32F1xx_HAL_Driver/Src/stm32f1xx_hal_spi.o
 .ARM.attributes
                0x00000000000002b4       0x2d Drivers/STM32F1xx_HAL_Driver/Src/stm32f1xx_hal_tim.o
 .ARM.attributes
                0x00000000000002e1       0x2d Drivers/STM32F1xx_HAL_Driver/Src/stm32f1xx_hal_tim_ex.o
 .ARM.attributes
                0x000000000000030e       0x2d d:/stm32cubeide/stm32cubeide_1.6.1/stm32cubeide/plugins/com.st.stm32cube.ide.mcu.externaltools.gnu-tools-for-stm32.9-2020-q2-update.win32_1.5.0.202011040924/tools/bin/../lib/gcc/arm-none-eabi/9.3.1/../../../../arm-none-eabi/lib/thumb/v7-m/nofp\libc_nano.a(lib_a-init.o)
 .ARM.attributes
                0x000000000000033b       0x2d d:/stm32cubeide/stm32cubeide_1.6.1/stm32cubeide/plugins/com.st.stm32cube.ide.mcu.externaltools.gnu-tools-for-stm32.9-2020-q2-update.win32_1.5.0.202011040924/tools/bin/../lib/gcc/arm-none-eabi/9.3.1/../../../../arm-none-eabi/lib/thumb/v7-m/nofp\libc_nano.a(lib_a-memset.o)
 .ARM.attributes
                0x0000000000000368       0x1d d:/stm32cubeide/stm32cubeide_1.6.1/stm32cubeide/plugins/com.st.stm32cube.ide.mcu.externaltools.gnu-tools-for-stm32.9-2020-q2-update.win32_1.5.0.202011040924/tools/bin/../lib/gcc/arm-none-eabi/9.3.1/thumb/v7-m/nofp/crtn.o
OUTPUT(StopWatch.elf elf32-littlearm)
LOAD linker stubs
LOAD d:/stm32cubeide/stm32cubeide_1.6.1/stm32cubeide/plugins/com.st.stm32cube.ide.mcu.externaltools.gnu-tools-for-stm32.9-2020-q2-update.win32_1.5.0.202011040924/tools/bin/../lib/gcc/arm-none-eabi/9.3.1/../../../../arm-none-eabi/lib/thumb/v7-m/nofp\libc.a
LOAD d:/stm32cubeide/stm32cubeide_1.6.1/stm32cubeide/plugins/com.st.stm32cube.ide.mcu.externaltools.gnu-tools-for-stm32.9-2020-q2-update.win32_1.5.0.202011040924/tools/bin/../lib/gcc/arm-none-eabi/9.3.1/../../../../arm-none-eabi/lib/thumb/v7-m/nofp\libm.a
LOAD d:/stm32cubeide/stm32cubeide_1.6.1/stm32cubeide/plugins/com.st.stm32cube.ide.mcu.externaltools.gnu-tools-for-stm32.9-2020-q2-update.win32_1.5.0.202011040924/tools/bin/../lib/gcc/arm-none-eabi/9.3.1/thumb/v7-m/nofp\libgcc.a

.debug_info     0x0000000000000000     0xd43f
 .debug_info    0x0000000000000000      0xbad Core/Src/gc9a01a.o
 .debug_info    0x0000000000000bad     0x1942 Core/Src/main.o
 .debug_info    0x00000000000024ef     0x105f Core/Src/stm32f1xx_hal_msp.o
 .debug_info    0x000000000000354e      0x807 Core/Src/stm32f1xx_it.o
 .debug_info    0x0000000000003d55      0x2be Core/Src/system_stm32f1xx.o
 .debug_info    0x0000000000004013       0x22 Core/Startup/startup_stm32f103c8tx.o
 .debug_info    0x0000000000004035      0x76a Drivers/STM32F1xx_HAL_Driver/Src/stm32f1xx_hal.o
 .debug_info    0x000000000000479f      0xbdc Drivers/STM32F1xx_HAL_Driver/Src/stm32f1xx_hal_cortex.o
 .debug_info    0x000000000000537b      0x701 Drivers/STM32F1xx_HAL_Driver/Src/stm32f1xx_hal_gpio.o
 .debug_info    0x0000000000005a7c      0x730 Drivers/STM32F1xx_HAL_Driver/Src/stm32f1xx_hal_pwr.o
 .debug_info    0x00000000000061ac      0x893 Drivers/STM32F1xx_HAL_Driver/Src/stm32f1xx_hal_rcc.o
 .debug_info    0x0000000000006a3f      0x486 Drivers/STM32F1xx_HAL_Driver/Src/stm32f1xx_hal_rcc_ex.o
 .debug_info    0x0000000000006ec5      0xdf9 Drivers/STM32F1xx_HAL_Driver/Src/stm32f1xx_hal_rtc.o
 .debug_info    0x0000000000007cbe     0x15d0 Drivers/STM32F1xx_HAL_Driver/Src/stm32f1xx_hal_spi.o
 .debug_info    0x000000000000928e     0x2c32 Drivers/STM32F1xx_HAL_Driver/Src/stm32f1xx_hal_tim.o
 .debug_info    0x000000000000bec0     0x157f Drivers/STM32F1xx_HAL_Driver/Src/stm32f1xx_hal_tim_ex.o

.debug_abbrev   0x0000000000000000     0x1ffd
 .debug_abbrev  0x0000000000000000      0x1db Core/Src/gc9a01a.o
 .debug_abbrev  0x00000000000001db      0x30e Core/Src/main.o
 .debug_abbrev  0x00000000000004e9      0x1e4 Core/Src/stm32f1xx_hal_msp.o
 .debug_abbrev  0x00000000000006cd      0x176 Core/Src/stm32f1xx_it.o
 .debug_abbrev  0x0000000000000843      0x14e Core/Src/system_stm32f1xx.o
 .debug_abbrev  0x0000000000000991       0x12 Core/Startup/startup_stm32f103c8tx.o
 .debug_abbrev  0x00000000000009a3      0x1ed Drivers/STM32F1xx_HAL_Driver/Src/stm32f1xx_hal.o
 .debug_abbrev  0x0000000000000b90      0x313 Drivers/STM32F1xx_HAL_Driver/Src/stm32f1xx_hal_cortex.o
 .debug_abbrev  0x0000000000000ea3      0x1e8 Drivers/STM32F1xx_HAL_Driver/Src/stm32f1xx_hal_gpio.o
 .debug_abbrev  0x000000000000108b      0x213 Drivers/STM32F1xx_HAL_Driver/Src/stm32f1xx_hal_pwr.o
 .debug_abbrev  0x000000000000129e      0x273 Drivers/STM32F1xx_HAL_Driver/Src/stm32f1xx_hal_rcc.o
 .debug_abbrev  0x0000000000001511      0x193 Drivers/STM32F1xx_HAL_Driver/Src/stm32f1xx_hal_rcc_ex.o
 .debug_abbrev  0x00000000000016a4      0x236 Drivers/STM32F1xx_HAL_Driver/Src/stm32f1xx_hal_rtc.o
 .debug_abbrev  0x00000000000018da      0x25f Drivers/STM32F1xx_HAL_Driver/Src/stm32f1xx_hal_spi.o
 .debug_abbrev  0x0000000000001b39      0x25e Drivers/STM32F1xx_HAL_Driver/Src/stm32f1xx_hal_tim.o
 .debug_abbrev  0x0000000000001d97      0x266 Drivers/STM32F1xx_HAL_Driver/Src/stm32f1xx_hal_tim_ex.o

.debug_aranges  0x0000000000000000      0xdd0
 .debug_aranges
                0x0000000000000000       0x70 Core/Src/gc9a01a.o
 .debug_aranges
                0x0000000000000070       0xa0 Core/Src/main.o
 .debug_aranges
                0x0000000000000110       0x50 Core/Src/stm32f1xx_hal_msp.o
 .debug_aranges
                0x0000000000000160       0x80 Core/Src/stm32f1xx_it.o
 .debug_aranges
                0x00000000000001e0       0x28 Core/Src/system_stm32f1xx.o
 .debug_aranges
                0x0000000000000208       0x28 Core/Startup/startup_stm32f103c8tx.o
 .debug_aranges
                0x0000000000000230       0xe0 Drivers/STM32F1xx_HAL_Driver/Src/stm32f1xx_hal.o
 .debug_aranges
                0x0000000000000310      0x100 Drivers/STM32F1xx_HAL_Driver/Src/stm32f1xx_hal_cortex.o
 .debug_aranges
                0x0000000000000410       0x58 Drivers/STM32F1xx_HAL_Driver/Src/stm32f1xx_hal_gpio.o
 .debug_aranges
                0x0000000000000468       0xa8 Drivers/STM32F1xx_HAL_Driver/Src/stm32f1xx_hal_pwr.o
 .debug_aranges
                0x0000000000000510       0x90 Drivers/STM32F1xx_HAL_Driver/Src/stm32f1xx_hal_rcc.o
 .debug_aranges
                0x00000000000005a0       0x30 Drivers/STM32F1xx_HAL_Driver/Src/stm32f1xx_hal_rcc_ex.o
 .debug_aranges
                0x00000000000005d0       0xf8 Drivers/STM32F1xx_HAL_Driver/Src/stm32f1xx_hal_rtc.o
 .debug_aranges
                0x00000000000006c8      0x1d0 Drivers/STM32F1xx_HAL_Driver/Src/stm32f1xx_hal_spi.o
 .debug_aranges
                0x0000000000000898      0x3d0 Drivers/STM32F1xx_HAL_Driver/Src/stm32f1xx_hal_tim.o
 .debug_aranges
                0x0000000000000c68      0x168 Drivers/STM32F1xx_HAL_Driver/Src/stm32f1xx_hal_tim_ex.o

.debug_ranges   0x0000000000000000      0xcd8
 .debug_ranges  0x0000000000000000       0x60 Core/Src/gc9a01a.o
 .debug_ranges  0x0000000000000060       0x90 Core/Src/main.o
 .debug_ranges  0x00000000000000f0       0x40 Core/Src/stm32f1xx_hal_msp.o
 .debug_ranges  0x0000000000000130       0x70 Core/Src/stm32f1xx_it.o
 .debug_ranges  0x00000000000001a0       0x18 Core/Src/system_stm32f1xx.o
 .debug_ranges  0x00000000000001b8       0x20 Core/Startup/startup_stm32f103c8tx.o
 .debug_ranges  0x00000000000001d8       0xd0 Drivers/STM32F1xx_HAL_Driver/Src/stm32f1xx_hal.o
 .debug_ranges  0x00000000000002a8       0xf0 Drivers/STM32F1xx_HAL_Driver/Src/stm32f1xx_hal_cortex.o
 .debug_ranges  0x0000000000000398       0x48 Drivers/STM32F1xx_HAL_Driver/Src/stm32f1xx_hal_gpio.o
 .debug_ranges  0x00000000000003e0       0x98 Drivers/STM32F1xx_HAL_Driver/Src/stm32f1xx_hal_pwr.o
 .debug_ranges  0x0000000000000478       0x80 Drivers/STM32F1xx_HAL_Driver/Src/stm32f1xx_hal_rcc.o
 .debug_ranges  0x00000000000004f8       0x20 Drivers/STM32F1xx_HAL_Driver/Src/stm32f1xx_hal_rcc_ex.o
 .debug_ranges  0x0000000000000518       0xe8 Drivers/STM32F1xx_HAL_Driver/Src/stm32f1xx_hal_rtc.o
 .debug_ranges  0x0000000000000600      0x1c0 Drivers/STM32F1xx_HAL_Driver/Src/stm32f1xx_hal_spi.o
 .debug_ranges  0x00000000000007c0      0x3c0 Drivers/STM32F1xx_HAL_Driver/Src/stm32f1xx_hal_tim.o
 .debug_ranges  0x0000000000000b80      0x158 Drivers/STM32F1xx_HAL_Driver/Src/stm32f1xx_hal_tim_ex.o

.debug_macro    0x0000000000000000    0x177a2
 .debug_macro   0x0000000000000000      0x1ca Core/Src/gc9a01a.o
 .debug_macro   0x00000000000001ca      0xa9c Core/Src/gc9a01a.o
 .debug_macro   0x0000000000000c66      0x174 Core/Src/gc9a01a.o
 .debug_macro   0x0000000000000dda       0x22 Core/Src/gc9a01a.o
 .debug_macro   0x0000000000000dfc       0x8e Core/Src/gc9a01a.o
 .debug_macro   0x0000000000000e8a       0x51 Core/Src/gc9a01a.o
 .debug_macro   0x0000000000000edb      0x103 Core/Src/gc9a01a.o
 .debug_macro   0x0000000000000fde       0x6a Core/Src/gc9a01a.o
 .debug_macro   0x0000000000001048      0x1df Core/Src/gc9a01a.o
 .debug_macro   0x0000000000001227      0x221 Core/Src/gc9a01a.o
 .debug_macro   0x0000000000001448       0x2e Core/Src/gc9a01a.o
 .debug_macro   0x0000000000001476       0x22 Core/Src/gc9a01a.o
 .debug_macro   0x0000000000001498       0x1c Core/Src/gc9a01a.o
 .debug_macro   0x00000000000014b4       0x22 Core/Src/gc9a01a.o
 .debug_macro   0x00000000000014d6       0xc3 Core/Src/gc9a01a.o
 .debug_macro   0x0000000000001599      0xd23 Core/Src/gc9a01a.o
 .debug_macro   0x00000000000022bc     0xe09e Core/Src/gc9a01a.o
 .debug_macro   0x000000000001035a       0x6d Core/Src/gc9a01a.o
 .debug_macro   0x00000000000103c7     0x34a2 Core/Src/gc9a01a.o
 .debug_macro   0x0000000000013869       0x5c Core/Src/gc9a01a.o
 .debug_macro   0x00000000000138c5      0x5bc Core/Src/gc9a01a.o
 .debug_macro   0x0000000000013e81      0x289 Core/Src/gc9a01a.o
 .debug_macro   0x000000000001410a      0x1cb Core/Src/gc9a01a.o
 .debug_macro   0x00000000000142d5      0x114 Core/Src/gc9a01a.o
 .debug_macro   0x00000000000143e9      0x1b2 Core/Src/gc9a01a.o
 .debug_macro   0x000000000001459b       0x27 Core/Src/gc9a01a.o
 .debug_macro   0x00000000000145c2      0x136 Core/Src/gc9a01a.o
 .debug_macro   0x00000000000146f8      0x1bc Core/Src/gc9a01a.o
 .debug_macro   0x00000000000148b4       0x34 Core/Src/gc9a01a.o
 .debug_macro   0x00000000000148e8       0x3c Core/Src/gc9a01a.o
 .debug_macro   0x0000000000014924       0x57 Core/Src/gc9a01a.o
 .debug_macro   0x000000000001497b       0x87 Core/Src/gc9a01a.o
 .debug_macro   0x0000000000014a02      0x240 Core/Src/gc9a01a.o
 .debug_macro   0x0000000000014c42      0x140 Core/Src/gc9a01a.o
 .debug_macro   0x0000000000014d82      0x1ef Core/Src/gc9a01a.o
 .debug_macro   0x0000000000014f71       0xeb Core/Src/gc9a01a.o
 .debug_macro   0x000000000001505c      0x217 Core/Src/gc9a01a.o
 .debug_macro   0x0000000000015273      0x8ed Core/Src/gc9a01a.o
 .debug_macro   0x0000000000015b60       0x83 Core/Src/gc9a01a.o
 .debug_macro   0x0000000000015be3      0x1c0 Core/Src/gc9a01a.o
 .debug_macro   0x0000000000015da3      0x20f Core/Src/main.o
 .debug_macro   0x0000000000015fb2       0x64 Core/Src/main.o
 .debug_macro   0x0000000000016016      0x1c6 Core/Src/stm32f1xx_hal_msp.o
 .debug_macro   0x00000000000161dc      0x1d0 Core/Src/stm32f1xx_it.o
 .debug_macro   0x00000000000163ac      0x1b7 Core/Src/system_stm32f1xx.o
 .debug_macro   0x0000000000016563      0x1db Drivers/STM32F1xx_HAL_Driver/Src/stm32f1xx_hal.o
 .debug_macro   0x000000000001673e      0x1b7 Drivers/STM32F1xx_HAL_Driver/Src/stm32f1xx_hal_cortex.o
 .debug_macro   0x00000000000168f5      0x222 Drivers/STM32F1xx_HAL_Driver/Src/stm32f1xx_hal_gpio.o
 .debug_macro   0x0000000000016b17      0x217 Drivers/STM32F1xx_HAL_Driver/Src/stm32f1xx_hal_pwr.o
 .debug_macro   0x0000000000016d2e      0x1c9 Drivers/STM32F1xx_HAL_Driver/Src/stm32f1xx_hal_rcc.o
 .debug_macro   0x0000000000016ef7      0x1b7 Drivers/STM32F1xx_HAL_Driver/Src/stm32f1xx_hal_rcc_ex.o
 .debug_macro   0x00000000000170ae      0x1c6 Drivers/STM32F1xx_HAL_Driver/Src/stm32f1xx_hal_rtc.o
 .debug_macro   0x0000000000017274      0x1bf Drivers/STM32F1xx_HAL_Driver/Src/stm32f1xx_hal_spi.o
 .debug_macro   0x0000000000017433      0x1b8 Drivers/STM32F1xx_HAL_Driver/Src/stm32f1xx_hal_tim.o
 .debug_macro   0x00000000000175eb      0x1b7 Drivers/STM32F1xx_HAL_Driver/Src/stm32f1xx_hal_tim_ex.o

.debug_line     0x0000000000000000     0xe7a7
 .debug_line    0x0000000000000000      0x8c4 Core/Src/gc9a01a.o
 .debug_line    0x00000000000008c4      0xedc Core/Src/main.o
 .debug_line    0x00000000000017a0      0x7a0 Core/Src/stm32f1xx_hal_msp.o
 .debug_line    0x0000000000001f40      0x7f3 Core/Src/stm32f1xx_it.o
 .debug_line    0x0000000000002733      0x753 Core/Src/system_stm32f1xx.o
 .debug_line    0x0000000000002e86       0x86 Core/Startup/startup_stm32f103c8tx.o
 .debug_line    0x0000000000002f0c      0x980 Drivers/STM32F1xx_HAL_Driver/Src/stm32f1xx_hal.o
 .debug_line    0x000000000000388c      0xb68 Drivers/STM32F1xx_HAL_Driver/Src/stm32f1xx_hal_cortex.o
 .debug_line    0x00000000000043f4      0xa19 Drivers/STM32F1xx_HAL_Driver/Src/stm32f1xx_hal_gpio.o
 .debug_line    0x0000000000004e0d      0x902 Drivers/STM32F1xx_HAL_Driver/Src/stm32f1xx_hal_pwr.o
 .debug_line    0x000000000000570f      0xd8c Drivers/STM32F1xx_HAL_Driver/Src/stm32f1xx_hal_rcc.o
 .debug_line    0x000000000000649b      0x8c7 Drivers/STM32F1xx_HAL_Driver/Src/stm32f1xx_hal_rcc_ex.o
 .debug_line    0x0000000000006d62     0x10f2 Drivers/STM32F1xx_HAL_Driver/Src/stm32f1xx_hal_rtc.o
 .debug_line    0x0000000000007e54     0x1c73 Drivers/STM32F1xx_HAL_Driver/Src/stm32f1xx_hal_spi.o
 .debug_line    0x0000000000009ac7     0x341a Drivers/STM32F1xx_HAL_Driver/Src/stm32f1xx_hal_tim.o
 .debug_line    0x000000000000cee1     0x18c6 Drivers/STM32F1xx_HAL_Driver/Src/stm32f1xx_hal_tim_ex.o

.debug_str      0x0000000000000000    0x88d12
 .debug_str     0x0000000000000000    0x850b0 Core/Src/gc9a01a.o
                                      0x85457 (size before relaxing)
 .debug_str     0x00000000000850b0      0xdc2 Core/Src/main.o
                                      0x86246 (size before relaxing)
 .debug_str     0x0000000000085e72       0xd4 Core/Src/stm32f1xx_hal_msp.o
                                      0x85637 (size before relaxing)
 .debug_str     0x0000000000085f46      0x104 Core/Src/stm32f1xx_it.o
                                      0x85008 (size before relaxing)
 .debug_str     0x000000000008604a       0x52 Core/Src/system_stm32f1xx.o
                                      0x8494c (size before relaxing)
 .debug_str     0x000000000008609c       0x36 Core/Startup/startup_stm32f103c8tx.o
                                         0x60 (size before relaxing)
 .debug_str     0x00000000000860d2      0x2fa Drivers/STM32F1xx_HAL_Driver/Src/stm32f1xx_hal.o
                                      0x84fdd (size before relaxing)
 .debug_str     0x00000000000863cc      0x300 Drivers/STM32F1xx_HAL_Driver/Src/stm32f1xx_hal_cortex.o
                                      0x84fe5 (size before relaxing)
 .debug_str     0x00000000000866cc      0x304 Drivers/STM32F1xx_HAL_Driver/Src/stm32f1xx_hal_gpio.o
                                      0x84d10 (size before relaxing)
 .debug_str     0x00000000000869d0      0x50e Drivers/STM32F1xx_HAL_Driver/Src/stm32f1xx_hal_pwr.o
                                      0x84eaf (size before relaxing)
 .debug_str     0x0000000000086ede      0x23e Drivers/STM32F1xx_HAL_Driver/Src/stm32f1xx_hal_rcc.o
                                      0x84d49 (size before relaxing)
 .debug_str     0x000000000008711c       0xb9 Drivers/STM32F1xx_HAL_Driver/Src/stm32f1xx_hal_rcc_ex.o
                                      0x84ad6 (size before relaxing)
 .debug_str     0x00000000000871d5      0x344 Drivers/STM32F1xx_HAL_Driver/Src/stm32f1xx_hal_rtc.o
                                      0x84e5c (size before relaxing)
 .debug_str     0x0000000000087519      0x543 Drivers/STM32F1xx_HAL_Driver/Src/stm32f1xx_hal_spi.o
                                      0x85252 (size before relaxing)
 .debug_str     0x0000000000087a5c      0xdc8 Drivers/STM32F1xx_HAL_Driver/Src/stm32f1xx_hal_tim.o
                                      0x85d32 (size before relaxing)
 .debug_str     0x0000000000088824      0x4ee Drivers/STM32F1xx_HAL_Driver/Src/stm32f1xx_hal_tim_ex.o
                                      0x854d3 (size before relaxing)

.comment        0x0000000000000000       0x53
 .comment       0x0000000000000000       0x53 Core/Src/gc9a01a.o
                                         0x54 (size before relaxing)
 .comment       0x0000000000000053       0x54 Core/Src/main.o
 .comment       0x0000000000000053       0x54 Core/Src/stm32f1xx_hal_msp.o
 .comment       0x0000000000000053       0x54 Core/Src/stm32f1xx_it.o
 .comment       0x0000000000000053       0x54 Core/Src/system_stm32f1xx.o
 .comment       0x0000000000000053       0x54 Drivers/STM32F1xx_HAL_Driver/Src/stm32f1xx_hal.o
 .comment       0x0000000000000053       0x54 Drivers/STM32F1xx_HAL_Driver/Src/stm32f1xx_hal_cortex.o
 .comment       0x0000000000000053       0x54 Drivers/STM32F1xx_HAL_Driver/Src/stm32f1xx_hal_gpio.o
 .comment       0x0000000000000053       0x54 Drivers/STM32F1xx_HAL_Driver/Src/stm32f1xx_hal_pwr.o
 .comment       0x0000000000000053       0x54 Drivers/STM32F1xx_HAL_Driver/Src/stm32f1xx_hal_rcc.o
 .comment       0x0000000000000053       0x54 Drivers/STM32F1xx_HAL_Driver/Src/stm32f1xx_hal_rcc_ex.o
 .comment       0x0000000000000053       0x54 Drivers/STM32F1xx_HAL_Driver/Src/stm32f1xx_hal_rtc.o
 .comment       0x0000000000000053       0x54 Drivers/STM32F1xx_HAL_Driver/Src/stm32f1xx_hal_spi.o
 .comment       0x0000000000000053       0x54 Drivers/STM32F1xx_HAL_Driver/Src/stm32f1xx_hal_tim.o
 .comment       0x0000000000000053       0x54 Drivers/STM32F1xx_HAL_Driver/Src/stm32f1xx_hal_tim_ex.o

.debug_frame    0x0000000000000000     0x3928
 .debug_frame   0x0000000000000000      0x1a0 Core/Src/gc9a01a.o
 .debug_frame   0x00000000000001a0      0x264 Core/Src/main.o
 .debug_frame   0x0000000000000404      0x110 Core/Src/stm32f1xx_hal_msp.o
 .debug_frame   0x0000000000000514      0x178 Core/Src/stm32f1xx_it.o
 .debug_frame   0x000000000000068c       0x58 Core/Src/system_stm32f1xx.o
 .debug_frame   0x00000000000006e4      0x334 Drivers/STM32F1xx_HAL_Driver/Src/stm32f1xx_hal.o
 .debug_frame   0x0000000000000a18      0x428 Drivers/STM32F1xx_HAL_Driver/Src/stm32f1xx_hal_cortex.o
 .debug_frame   0x0000000000000e40      0x14c Drivers/STM32F1xx_HAL_Driver/Src/stm32f1xx_hal_gpio.o
 .debug_frame   0x0000000000000f8c      0x270 Drivers/STM32F1xx_HAL_Driver/Src/stm32f1xx_hal_pwr.o
 .debug_frame   0x00000000000011fc      0x218 Drivers/STM32F1xx_HAL_Driver/Src/stm32f1xx_hal_rcc.o
 .debug_frame   0x0000000000001414       0x80 Drivers/STM32F1xx_HAL_Driver/Src/stm32f1xx_hal_rcc_ex.o
 .debug_frame   0x0000000000001494      0x434 Drivers/STM32F1xx_HAL_Driver/Src/stm32f1xx_hal_rtc.o
 .debug_frame   0x00000000000018c8      0x824 Drivers/STM32F1xx_HAL_Driver/Src/stm32f1xx_hal_spi.o
 .debug_frame   0x00000000000020ec     0x11b8 Drivers/STM32F1xx_HAL_Driver/Src/stm32f1xx_hal_tim.o
 .debug_frame   0x00000000000032a4      0x638 Drivers/STM32F1xx_HAL_Driver/Src/stm32f1xx_hal_tim_ex.o
 .debug_frame   0x00000000000038dc       0x2c d:/stm32cubeide/stm32cubeide_1.6.1/stm32cubeide/plugins/com.st.stm32cube.ide.mcu.externaltools.gnu-tools-for-stm32.9-2020-q2-update.win32_1.5.0.202011040924/tools/bin/../lib/gcc/arm-none-eabi/9.3.1/../../../../arm-none-eabi/lib/thumb/v7-m/nofp\libc_nano.a(lib_a-init.o)
 .debug_frame   0x0000000000003908       0x20 d:/stm32cubeide/stm32cubeide_1.6.1/stm32cubeide/plugins/com.st.stm32cube.ide.mcu.externaltools.gnu-tools-for-stm32.9-2020-q2-update.win32_1.5.0.202011040924/tools/bin/../lib/gcc/arm-none-eabi/9.3.1/../../../../arm-none-eabi/lib/thumb/v7-m/nofp\libc_nano.a(lib_a-memset.o)
